// Jest Snapshot v1, https://goo.gl/fbAQLP

exports[`Testing svg expressions Testing a multi-line svg expression 1`] = `
Array [
  Object {
    "type": "helperPoint",
    "x": 60,
    "y": 0,
  },
  Object {
    "type": "lineTo",
    "x": 120,
    "y": 0,
  },
  Object {
    "type": "lineTo",
    "x": 180,
    "y": 60,
  },
  Object {
    "type": "lineTo",
    "x": 180,
    "y": 120,
  },
  Object {
    "type": "lineTo",
    "x": 120,
    "y": 180,
  },
  Object {
    "type": "lineTo",
    "x": 60,
    "y": 180,
  },
  Object {
    "type": "lineTo",
    "x": 0,
    "y": 120,
  },
  Object {
    "type": "lineTo",
    "x": 0,
    "y": 60,
  },
]
`;

exports[`Testing svg expressions Testing a one-line svg expression 1`] = `
Array [
  Object {
    "type": "helperPoint",
    "x": 60,
    "y": 0,
  },
  Object {
    "type": "lineTo",
    "x": 120,
    "y": 0,
  },
  Object {
    "type": "lineTo",
    "x": 180,
    "y": 60,
  },
  Object {
    "type": "lineTo",
    "x": 180,
    "y": 120,
  },
  Object {
    "type": "lineTo",
    "x": 120,
    "y": 180,
  },
  Object {
    "type": "lineTo",
    "x": 60,
    "y": 180,
  },
  Object {
    "type": "lineTo",
    "x": 0,
    "y": 120,
  },
  Object {
    "type": "lineTo",
    "x": 0,
    "y": 60,
  },
]
`;
