// Jest Snapshot v1, https://goo.gl/fbAQLP

exports[`Testing conversion of paths to object Testing paths with lines 1`] = `
Array [
  Object {
    "type": "line",
    "x1": 60,
    "x2": 120,
    "y1": 0,
    "y2": 0,
  },
  Object {
    "type": "line",
    "x1": 120,
    "x2": 180,
    "y1": 0,
    "y2": 60,
  },
]
`;
